<?xml version="1.0" encoding="utf-8"?><testsuites name="pytest tests"><testsuite name="pytest" errors="0" failures="0" skipped="0" tests="210" time="13.872" timestamp="2026-06-29T17:13:32.280923+09:00" hostname="raspberrypi"><testcase classname="tests.test_config.TestConfigFiles" name="test_R01_gate_config_exists" time="0.002" /><testcase classname="tests.test_config.TestConfigFiles" name="test_R01_gate_config_valid_json" time="0.001" /><testcase classname="tests.test_config.TestConfigFiles" name="test_R04_outlook_config_exists" time="0.001" /><testcase classname="tests.test_config.TestConfigFiles" name="test_R04_outlook_config_valid_json" time="0.001" /><testcase classname="tests.test_config.TestConfigFiles" name="test_R04_calendar_data_exists" time="0.001" /><testcase classname="tests.test_config.TestConfigFiles" name="test_R04_calendar_data_valid_structure" time="0.001" /><testcase classname="tests.test_config.TestConfigFiles" name="test_R05_stt_config_exists" time="0.001" /><testcase classname="tests.test_config.TestConfigFiles" name="test_R05_stt_config_valid_json" time="0.001" /><testcase classname="tests.test_mic_agent.TestNormKo" name="test_R02_norm_ko_removes_spaces" time="0.010" /><testcase classname="tests.test_mic_agent.TestNormKo" name="test_R02_norm_ko_removes_punctuation" time="0.001" /><testcase classname="tests.test_mic_agent.TestNormKo" name="test_R02_norm_ko_empty_string" time="0.001" /><testcase classname="tests.test_mic_agent.TestNormKo" name="test_R02_norm_ko_mixed" time="0.001" /><testcase classname="tests.test_mic_agent.TestCER" name="test_R02_cer_identical_is_zero" time="0.001" /><testcase classname="tests.test_mic_agent.TestCER" name="test_R02_cer_both_empty_is_zero" time="0.001" /><testcase classname="tests.test_mic_agent.TestCER" name="test_R02_cer_empty_ref_nonempty_hyp" time="0.001" /><testcase classname="tests.test_mic_agent.TestCER" name="test_R02_cer_nonnegative" time="0.001" /><testcase classname="tests.test_mic_agent.TestCER" name="test_R02_cer_partial_match_nonzero" time="0.001" /><testcase classname="tests.test_mic_agent.TestLoadSttConfig" name="test_R05_nonexistent_falls_back_to_default" time="0.001" /><testcase classname="tests.test_mic_agent.TestLoadSttConfig" name="test_R05_valid_file_returns_dict" time="0.001" /><testcase classname="tests.test_mic_agent.TestLoadSttConfig" name="test_R05_valid_file_returns_path" time="0.001" /><testcase classname="tests.test_mic_agent.TestLoadGateConfig" name="test_R01_nonexistent_falls_back_to_default" time="0.001" /><testcase classname="tests.test_mic_agent.TestLoadGateConfig" name="test_R01_valid_file_returns_dict" time="0.001" /><testcase classname="tests.test_mic_agent.TestLoadGateConfig" name="test_R01_valid_file_returns_path" time="0.001" /><testcase classname="tests.test_mic_agent.TestAudioConstants" name="test_R02_sample_rate_16000" time="0.001" /><testcase classname="tests.test_mic_agent.TestAudioConstants" name="test_R02_frame_ms_30" time="0.001" /><testcase classname="tests.test_mic_agent.TestAudioConstants" name="test_R02_frame_samples_480" time="0.001" /><testcase classname="tests.test_mic_agent.TestAudioConstants" name="test_R02_sigh_threshold_in_range" time="0.001" /><testcase classname="tests.test_mic_agent.TestAudioConstants" name="test_R02_sigh_cooldown_positive" time="0.001" /><testcase classname="tests.test_mic_agent.TestAudioConstants" name="test_R02_emotions_6_classes" time="0.001" /><testcase classname="tests.test_mic_agent.TestAudioConstants" name="test_R02_emotions_expected_labels" time="0.001" /><testcase classname="tests.test_mic_agent.TestAudioConstants" name="test_R02_sigh_keywords_nonempty" time="0.001" /><testcase classname="tests.test_mic_agent.TestPost" name="test_R02_post_200_returns_true" time="0.004" /><testcase classname="tests.test_mic_agent.TestPost" name="test_R02_post_299_returns_true" time="0.002" /><testcase classname="tests.test_mic_agent.TestPost" name="test_R02_post_300_returns_false" time="0.002" /><testcase classname="tests.test_mic_agent.TestPost" name="test_R02_post_exception_returns_false" time="0.001" /><testcase classname="tests.test_mic_agent.TestPost" name="test_R02_post_logs_on_first_failure" time="0.002" /><testcase classname="tests.test_mic_agent.TestPost" name="test_R02_post_rate_limits_repeated_log" time="0.002" /><testcase classname="tests.test_mic_agent.TestPutDropOldest" name="test_R02_put_when_empty" time="0.001" /><testcase classname="tests.test_mic_agent.TestPutDropOldest" name="test_R02_drops_oldest_when_full" time="0.001" /><testcase classname="tests.test_mic_agent.TestPutDropOldest" name="test_R02_maxsize_1_keeps_only_latest" time="0.001" /><testcase classname="tests.test_mic_agent.TestPutDropOldest" name="test_R02_size_never_exceeds_maxsize" time="0.001" /><testcase classname="tests.test_mic_agent.TestPutDropOldest" name="test_R02_put_drop_empty_exception_handled" time="0.001" /><testcase classname="tests.test_mic_agent.TestLoadConfigBadJson" name="test_R05_stt_bad_json_prints_warning" time="0.005" /><testcase classname="tests.test_mic_agent.TestLoadConfigBadJson" name="test_R01_gate_bad_json_prints_warning" time="0.002" /><testcase classname="tests.test_mic_agent.TestLoadConfigBadJson" name="test_R05_stt_all_fail_returns_empty" time="0.002" /><testcase classname="tests.test_mic_agent.TestLoadConfigBadJson" name="test_R01_gate_all_fail_returns_empty" time="0.002" /><testcase classname="tests.test_mic_agent.TestSighLoopFailure" name="test_R02_sigh_loop_model_fail_drains_queue_and_exits" time="0.502" /><testcase classname="tests.test_mic_agent.TestSighLoopFailure" name="test_R02_sigh_loop_model_fail_prints_error" time="0.503" /><testcase classname="tests.test_mic_agent.TestRecalibPoller" name="test_R02_poller_sets_event_on_requested" time="0.504" /><testcase classname="tests.test_mic_agent.TestRecalibPoller" name="test_R02_poller_handles_network_exception" time="1.002" /><testcase classname="tests.test_mic_agent.TestRecalibPoller" name="test_R02_poller_not_requested_no_event" time="0.514" /><testcase classname="tests.test_mic_agent.TestCalibLevelPoster" name="test_R02_poster_calls_post_when_active" time="0.153" /><testcase classname="tests.test_mic_agent.TestCalibLevelPoster" name="test_R02_poster_skips_when_inactive" time="0.303" /><testcase classname="tests.test_mic_agent.TestCalibLevelPoster" name="test_R02_poster_level_clamped_to_1" time="0.153" /><testcase classname="tests.test_mic_agent.TestSpeechAssembleLoop" name="test_R02_max_utterance_triggers_finish" time="1.554" /><testcase classname="tests.test_mic_agent.TestSpeechAssembleLoop" name="test_R02_loud_frames_produce_too_loud" time="1.517" /><testcase classname="tests.test_mic_agent.TestSpeechAssembleLoop" name="test_R02_empty_queue_no_crash" time="0.502" /><testcase classname="tests.test_mic_agent.TestReportCalib" name="test_R02_report_calib_calls_post" time="0.002" /><testcase classname="tests.test_mic_agent.TestReportCalib" name="test_R02_report_calib_phase_in_payload" time="0.002" /><testcase classname="tests.test_mic_agent.TestReportCalib" name="test_R02_report_calib_posts_to_correct_path" time="0.002" /><testcase classname="tests.test_mic_agent.TestReportCalib" name="test_R02_report_calib_speak_includes_text" time="0.002" /><testcase classname="tests.test_mic_agent.TestMeasureFrames" name="test_R02_measure_frames_returns_list" time="0.005" /><testcase classname="tests.test_mic_agent.TestMeasureFrames" name="test_R02_measure_frames_tuple_items" time="0.004" /><testcase classname="tests.test_mic_agent.TestMeasureFrames" name="test_R02_measure_frames_with_vad" time="0.007" /><testcase classname="tests.test_mic_agent.TestMeasureFrames" name="test_R02_measure_frames_collect_audio" time="0.004" /><testcase classname="tests.test_mic_agent.TestMeasureFrames" name="test_R02_measure_frames_updates_calib_live" time="0.004" /><testcase classname="tests.test_mic_agent.TestMeasureFrames" name="test_R02_measure_frames_zero_rms_when_silent" time="0.004" /><testcase classname="tests.test_mic_agent.TestCalibrate" name="test_R02_calibrate_returns_float" time="0.004" /><testcase classname="tests.test_mic_agent.TestCalibrate" name="test_R02_calibrate_upper_greater_than_noise" time="0.003" /><testcase classname="tests.test_mic_agent.TestCalibrate" name="test_R02_calibrate_resets_calib_live_active" time="0.003" /><testcase classname="tests.test_mic_agent.TestCalibrate" name="test_R02_calibrate_reports_noise_and_done" time="0.002" /><testcase classname="tests.test_mic_agent.TestCalibrate" name="test_R02_calibrate_low_snr_warns" time="0.003" /><testcase classname="tests.test_mic_agent.TestCalibrate" name="test_R02_calibrate_exception_resets_active" time="0.002" /><testcase classname="tests.test_mic_agent.TestCalibrate" name="test_R02_calibrate_autotune_puts_to_tune_q" time="0.003" /><testcase classname="tests.test_mic_agent.TestSighLoopWithMockModel" name="test_R02_sigh_loop_detects_sigh_and_posts" time="0.005" /><testcase classname="tests.test_mic_agent.TestSighLoopWithMockModel" name="test_R02_sigh_loop_below_threshold_no_detect" time="0.508" /><testcase classname="tests.test_mic_agent.TestSighLoopWithMockModel" name="test_R02_sigh_loop_heartbeat_sent" time="0.503" /><testcase classname="tests.test_mic_agent.TestSighLoopWithMockModel" name="test_R02_sigh_loop_no_sigh_idx_prints_warning" time="0.503" /><testcase classname="tests.test_mic_agent.TestAudioSupervisor" name="test_R02_supervisor_puts_frames_to_sigh_q" time="0.004" /><testcase classname="tests.test_mic_agent.TestAudioSupervisor" name="test_R02_supervisor_puts_frames_to_speech_q" time="0.005" /><testcase classname="tests.test_mic_agent.TestAudioSupervisor" name="test_R02_supervisor_stream_exception_retries" time="0.002" /><testcase classname="tests.test_mic_agent.TestAudioSupervisor" name="test_R02_supervisor_recalib_clears_flag" time="0.004" /><testcase classname="tests.test_mic_agent.TestMain" name="test_R02_main_exits_if_both_disabled" time="0.003" /><testcase classname="tests.test_mic_agent.TestMain" name="test_R02_main_calls_audio_supervisor" time="0.009" /><testcase classname="tests.test_mic_agent.TestMain" name="test_R02_main_no_sigh_skips_sigh_thread" time="0.008" /><testcase classname="tests.test_mic_agent.TestMain" name="test_R02_main_no_speech_skips_speech_threads" time="0.005" /><testcase classname="tests.test_mic_agent.TestMain" name="test_R02_main_gate_passed_to_supervisor" time="0.005" /><testcase classname="tests.test_mic_agent.TestMain" name="test_R02_main_stT_cfg_beam_from_cli" time="0.005" /><testcase classname="tests.test_mic_agent.TestMain" name="test_R02_main_prints_banner" time="0.006" /><testcase classname="tests.test_mic_agent.TestLoadConfigBranches" name="test_R05_stt_explicit_empty_string_skipped" time="0.001" /><testcase classname="tests.test_mic_agent.TestLoadConfigBranches" name="test_R01_gate_explicit_empty_string_skipped" time="0.001" /><testcase classname="tests.test_mic_agent.TestLoadConfigBranches" name="test_R05_stt_duplicate_path_seen_skipped" time="0.002" /><testcase classname="tests.test_mic_agent.TestLoadConfigBranches" name="test_R01_gate_duplicate_path_seen_skipped" time="0.002" /><testcase classname="tests.test_mic_agent.TestMeasureFramesDirect" name="test_R02_measure_frames_basic" time="0.004" /><testcase classname="tests.test_mic_agent.TestMeasureFramesDirect" name="test_R02_measure_frames_vad_false" time="0.003" /><testcase classname="tests.test_mic_agent.TestMeasureFramesDirect" name="test_R02_measure_frames_vad_true" time="0.006" /><testcase classname="tests.test_mic_agent.TestMeasureFramesDirect" name="test_R02_measure_frames_collect_audio_true" time="0.003" /><testcase classname="tests.test_mic_agent.TestMeasureFramesDirect" name="test_R02_measure_frames_rms_correct" time="0.003" /><testcase classname="tests.test_mic_agent.TestRunAutotune" name="test_R02_autotune_updates_stT_cfg_beam" time="0.003" /><testcase classname="tests.test_mic_agent.TestRunAutotune" name="test_R02_autotune_picks_lower_cer" time="0.003" /><testcase classname="tests.test_mic_agent.TestRunAutotune" name="test_R02_autotune_prints_result" time="0.003" /><testcase classname="tests.test_mic_agent.TestRunAutotune" name="test_R02_autotune_respects_stT_lock" time="0.003" /><testcase classname="tests.test_mic_agent.TestSpeechProcessLoop" name="test_R02_speech_process_loop_posts_emotion" time="0.006" /><testcase classname="tests.test_mic_agent.TestSpeechProcessLoop" name="test_R02_speech_process_loop_too_loud_skipped" time="1.007" /><testcase classname="tests.test_mic_agent.TestSpeechProcessLoop" name="test_R02_speech_process_loop_short_text_skipped" time="1.006" /><testcase classname="tests.test_mic_agent.TestSpeechProcessLoop" name="test_R02_speech_process_loop_heartbeat_sent" time="0.507" /><testcase classname="tests.test_mic_agent.TestSpeechProcessLoop" name="test_R02_speech_process_loop_autotune_processed" time="0.008" /><testcase classname="tests.test_mic_agent.TestSpeechProcessLoop" name="test_R02_speech_process_loop_drains_stale_utterances" time="0.006" /><testcase classname="tests.test_mic_agent.TestMainSpeechBranches" name="test_R02_main_speech_no_stt_config_prints_msg" time="0.010" /><testcase classname="tests.test_mic_agent.TestMainSpeechBranches" name="test_R02_main_speech_with_stt_config_prints_path" time="0.010" /><testcase classname="tests.test_mic_agent.TestMainSpeechBranches" name="test_R02_main_speech_with_gate_config_prints_path" time="0.010" /><testcase classname="tests.test_mic_agent.TestMainSpeechBranches" name="test_R02_main_speech_no_gate_config_prints_default" time="0.009" /><testcase classname="tests.test_mic_agent.TestMainSpeechBranches" name="test_R02_main_gate_margin_from_config" time="0.011" /><testcase classname="tests.test_mic_agent.TestMainSpeechBranches" name="test_R02_main_pick_from_stt_config" time="0.009" /><testcase classname="tests.test_mic_agent.TestMainSpeechBranches" name="test_R02_main_initial_calibrate_triggered" time="0.008" /><testcase classname="tests.test_mic_agent.TestMainSpeechBranches" name="test_R02_main_no_calibrate_flag" time="0.009" /><testcase classname="tests.test_mic_agent.TestAudioSupervisorCalibFail" name="test_R02_supervisor_calib_fail_sets_gate_inf" time="0.004" /><testcase classname="tests.test_model.TestModelFiles" name="test_R02_yamnet_model_exists" time="0.001" /><testcase classname="tests.test_model.TestModelFiles" name="test_R02_classifier_exists" time="0.001" /><testcase classname="tests.test_model.TestModelFiles" name="test_R02_threshold_exists" time="0.001" /><testcase classname="tests.test_model.TestModelFiles" name="test_R02_class_map_exists" time="0.001" /><testcase classname="tests.test_model.TestModelFiles" name="test_R02_threshold_valid_range" time="0.001" /><testcase classname="tests.test_model.TestModelFiles" name="test_R02_classifier_loadable" time="0.002" /><testcase classname="tests.test_model.TestModelFiles" name="test_R02_class_map_readable" time="0.001" /><testcase classname="tests.test_outlook_sync.TestToNaiveKst" name="test_R04_utc_datetime_converted_to_kst" time="0.127" /><testcase classname="tests.test_outlook_sync.TestToNaiveKst" name="test_R04_naive_datetime_unchanged" time="0.001" /><testcase classname="tests.test_outlook_sync.TestToNaiveKst" name="test_R04_date_converts_to_midnight" time="0.001" /><testcase classname="tests.test_outlook_sync.TestToNaiveKst" name="test_R04_result_has_no_timezone" time="0.001" /><testcase classname="tests.test_outlook_sync.TestToNaiveKst" name="test_R04_kst_plus9_offset" time="0.001" /><testcase classname="tests.test_outlook_sync.TestParseIcsDatetime" name="test_R04_date_only_8chars" time="0.003" /><testcase classname="tests.test_outlook_sync.TestParseIcsDatetime" name="test_R04_utc_z_suffix" time="0.002" /><testcase classname="tests.test_outlook_sync.TestParseIcsDatetime" name="test_R04_local_datetime" time="0.002" /><testcase classname="tests.test_outlook_sync.TestParseIcsDatetime" name="test_R04_invalid_returns_none" time="0.001" /><testcase classname="tests.test_outlook_sync.TestParseIcsManual" name="test_R04_parses_one_event" time="0.001" /><testcase classname="tests.test_outlook_sync.TestParseIcsManual" name="test_R04_parses_summary" time="0.001" /><testcase classname="tests.test_outlook_sync.TestParseIcsManual" name="test_R04_parses_datetime" time="0.001" /><testcase classname="tests.test_outlook_sync.TestParseIcsManual" name="test_R04_parses_description" time="0.001" /><testcase classname="tests.test_outlook_sync.TestParseIcsManual" name="test_R04_empty_ics_returns_empty_list" time="0.001" /><testcase classname="tests.test_outlook_sync.TestParseIcsManual" name="test_R04_event_without_dtstart_skipped" time="0.001" /><testcase classname="tests.test_outlook_sync.TestParseIcsManual" name="test_R04_multiple_events" time="0.001" /><testcase classname="tests.test_outlook_sync.TestReadWriteCalendar" name="test_R04_write_and_read_roundtrip" time="0.002" /><testcase classname="tests.test_outlook_sync.TestReadWriteCalendar" name="test_R04_read_nonexistent_returns_empty_list" time="0.002" /><testcase classname="tests.test_outlook_sync.TestGetSyncStatus" name="test_R04_returns_dict" time="0.001" /><testcase classname="tests.test_outlook_sync.TestGetSyncStatus" name="test_R04_has_required_keys" time="0.001" /><testcase classname="tests.test_outlook_sync.TestSyncNowNoUrl" name="test_R04_sync_now_no_url_returns_false" time="0.002" /><testcase classname="tests.test_outlook_sync.TestLoadConfig" name="test_R04_load_config_returns_dict" time="0.001" /><testcase classname="tests.test_outlook_sync.TestLoadConfig" name="test_R04_load_config_has_ics_url_key" time="0.001" /><testcase classname="tests.test_outlook_sync.TestLoadConfig" name="test_R04_load_config_has_sync_days_ahead" time="0.001" /><testcase classname="tests.test_outlook_sync.TestLoadConfig" name="test_R04_load_config_has_sync_days_past" time="0.001" /><testcase classname="tests.test_outlook_sync.TestLoadConfig" name="test_R04_sync_days_ahead_positive" time="0.001" /><testcase classname="tests.test_outlook_sync.TestLoadConfig" name="test_R04_custom_config_file" time="0.002" /><testcase classname="tests.test_outlook_sync.TestSyncNowWithMock" name="test_R04_sync_now_success_returns_true" time="0.106" /><testcase classname="tests.test_outlook_sync.TestSyncNowWithMock" name="test_R04_sync_now_updates_calendar_file" time="0.004" /><testcase classname="tests.test_outlook_sync.TestSyncNowWithMock" name="test_R04_sync_now_http_error_returns_false" time="0.002" /><testcase classname="tests.test_outlook_sync.TestSyncNowWithMock" name="test_R04_sync_status_updated_after_sync" time="0.004" /><testcase classname="tests.test_radar_signal_processor.TestTimedBuffer" name="test_R01_initial_length_zero" time="0.001" /><testcase classname="tests.test_radar_signal_processor.TestTimedBuffer" name="test_R01_add_increases_length" time="0.001" /><testcase classname="tests.test_radar_signal_processor.TestTimedBuffer" name="test_R01_add_multiple" time="0.001" /><testcase classname="tests.test_radar_signal_processor.TestTimedBuffer" name="test_R01_get_window_returns_recent" time="0.001" /><testcase classname="tests.test_radar_signal_processor.TestTimedBuffer" name="test_R01_get_window_empty_if_all_old" time="0.001" /><testcase classname="tests.test_radar_signal_processor.TestTimedBuffer" name="test_R01_tail_returns_last_n" time="0.001" /><testcase classname="tests.test_radar_signal_processor.TestTimedBuffer" name="test_R01_first_ts_returns_oldest" time="0.001" /><testcase classname="tests.test_radar_signal_processor.TestTimedBuffer" name="test_R01_first_ts_empty_returns_none" time="0.001" /><testcase classname="tests.test_radar_signal_processor.TestTimedBuffer" name="test_R01_thread_safe_concurrent_add" time="0.009" /><testcase classname="tests.test_radar_signal_processor.TestConstants" name="test_R01_windows_keys" time="0.001" /><testcase classname="tests.test_radar_signal_processor.TestConstants" name="test_R01_windows_values" time="0.001" /><testcase classname="tests.test_radar_signal_processor.TestConstants" name="test_R01_neg_threshold_values" time="0.001" /><testcase classname="tests.test_radar_signal_processor.TestConstants" name="test_R01_positive_emotions_only_joy" time="0.001" /><testcase classname="tests.test_radar_signal_processor.TestConstants" name="test_R01_negative_emotions_5_classes" time="0.001" /><testcase classname="tests.test_radar_signal_processor.TestConstants" name="test_R01_valid_speech_emotions_6_classes" time="0.001" /><testcase classname="tests.test_radar_signal_processor.TestConstants" name="test_R01_anger_ratio_threshold" time="0.001" /><testcase classname="tests.test_radar_signal_processor.TestConstants" name="test_R01_happy_ratio_threshold" time="0.001" /><testcase classname="tests.test_radar_signal_processor.TestInputMethods" name="test_R01_add_expression_normal" time="0.001" /><testcase classname="tests.test_radar_signal_processor.TestInputMethods" name="test_R01_add_expression_normalizes_보통" time="0.001" /><testcase classname="tests.test_radar_signal_processor.TestInputMethods" name="test_R01_add_expression_normalizes_중립" time="0.001" /><testcase classname="tests.test_radar_signal_processor.TestInputMethods" name="test_R01_add_expression_normalizes_neutral" time="0.001" /><testcase classname="tests.test_radar_signal_processor.TestInputMethods" name="test_R01_add_sigh_true" time="0.001" /><testcase classname="tests.test_radar_signal_processor.TestInputMethods" name="test_R01_add_sigh_false_heartbeat" time="0.001" /><testcase classname="tests.test_radar_signal_processor.TestInputMethods" name="test_R01_add_speech_emotion_valid" time="0.001" /><testcase classname="tests.test_radar_signal_processor.TestInputMethods" name="test_R01_add_speech_emotion_invalid_raises" time="0.001" /><testcase classname="tests.test_radar_signal_processor.TestInputMethods" name="test_R01_mark_sigh_alive_updates_ts" time="0.001" /><testcase classname="tests.test_radar_signal_processor.TestInputMethods" name="test_R01_mark_speech_alive_updates_ts" time="0.001" /><testcase classname="tests.test_radar_signal_processor.TestInputMethods" name="test_R01_device_alive_false_without_input" time="0.001" /><testcase classname="tests.test_radar_signal_processor.TestRepresentativeExpr" name="test_R01_empty_returns_불명" time="0.001" /><testcase classname="tests.test_radar_signal_processor.TestRepresentativeExpr" name="test_R01_anger_ratio_30pct_returns_분노" time="0.001" /><testcase classname="tests.test_radar_signal_processor.TestRepresentativeExpr" name="test_R01_anger_below_30pct_not_분노" time="0.001" /><testcase classname="tests.test_radar_signal_processor.TestRepresentativeExpr" name="test_R01_happy_ratio_50pct_returns_행복" time="0.001" /><testcase classname="tests.test_radar_signal_processor.TestRepresentativeExpr" name="test_R01_happy_below_50pct_not_행복" time="0.001" /><testcase classname="tests.test_radar_signal_processor.TestRepresentativeExpr" name="test_R01_all_normal_returns_일반" time="0.001" /><testcase classname="tests.test_radar_signal_processor.TestRepresentativeExpr" name="test_R01_anger_priority_over_happy" time="0.001" /><testcase classname="tests.test_radar_signal_processor.TestSignalPriority" name="test_R01_rule1_sigh_always_red" time="0.001" /><testcase classname="tests.test_radar_signal_processor.TestSignalPriority" name="test_R01_rule2_anger_red" time="0.001" /><testcase classname="tests.test_radar_signal_processor.TestSignalPriority" name="test_R01_rule2_happy_green" time="0.001" /><testcase classname="tests.test_radar_signal_processor.TestSignalPriority" name="test_R01_rule3_neg_speech_1m_red" time="0.001" /><testcase classname="tests.test_radar_signal_processor.TestSignalPriority" name="test_R01_rule4_default_yellow" time="0.001" /><testcase classname="tests.test_radar_signal_processor.TestSignalPriority" name="test_R01_sigh_overrides_happy" time="0.001" /><testcase classname="tests.test_radar_signal_processor.TestSignalPriority" name="test_R01_decide_window_returns_required_keys" time="0.001" /><testcase classname="tests.test_radar_signal_processor.TestSignalPriority" name="test_R01_decide_window_data_points_keys" time="0.001" /><testcase classname="tests.test_radar_signal_processor.TestPublicAPIs" name="test_R01_get_all_signals_has_3_windows" time="0.001" /><testcase classname="tests.test_radar_signal_processor.TestPublicAPIs" name="test_R01_get_all_signals_has_updated_at" time="0.001" /><testcase classname="tests.test_radar_signal_processor.TestPublicAPIs" name="test_R01_get_status_has_required_keys" time="0.001" /><testcase classname="tests.test_radar_signal_processor.TestPublicAPIs" name="test_R01_get_status_is_ready_false_initially" time="0.001" /><testcase classname="tests.test_radar_signal_processor.TestPublicAPIs" name="test_R01_get_status_is_ready_true_after_add" time="0.001" /><testcase classname="tests.test_radar_signal_processor.TestPublicAPIs" name="test_R01_get_status_uptime_positive" time="0.001" /><testcase classname="tests.test_radar_signal_processor.TestPublicAPIs" name="test_R01_get_recent_data_structure" time="0.001" /><testcase classname="tests.test_radar_signal_processor.TestPublicAPIs" name="test_R01_get_recent_data_returns_list" time="0.001" /><testcase classname="tests.test_radar_signal_processor.TestPublicAPIs" name="test_R01_get_recent_data_item_has_t_v" time="0.001" /><testcase classname="tests.test_radar_signal_processor.TestSingleton" name="test_R01_get_processor_returns_instance" time="0.001" /><testcase classname="tests.test_radar_signal_processor.TestSingleton" name="test_R01_get_processor_same_instance" time="0.001" /><testcase classname="tests.test_radar_signal_processor.TestSingleton" name="test_R01_inner_lock_check_already_set" time="0.001" /></testsuite></testsuites>